<?xml version="1.0" encoding="utf-8"?>
<?AutomationStudio Version="4.3.3.196"?>
<Objects>
  <Object
    Path="F:\NOBOTcode\BSP\NOBOT_BSP_CAN\Logical\Package.pkg"
    LogicalPath=""
    Type="Package"
    LastWriteTime="131656531681967092" />
  <Object
    Path="F:\NOBOTcode\BSP\NOBOT_BSP_CAN\Logical\Global.typ"
    LogicalPath="Global.typ"
    Type="File"
    LastWriteTime="131656464465154210"
    Private="false" />
  <Object
    Path="F:\NOBOTcode\BSP\NOBOT_BSP_CAN\Logical\Global.var"
    LogicalPath="Global.var"
    Type="File"
    LastWriteTime="131656464465294218"
    Private="false" />
  <Object
    Path="F:\NOBOTcode\BSP\NOBOT_BSP_CAN\Logical\Libraries\Package.pkg"
    LogicalPath="Libraries"
    Type="Package"
    LastWriteTime="131656565128977308" />
  <Object
    Path="F:\NOBOTcode\BSP\NOBOT_BSP_CAN\Logical\Libraries\operator\Binary.lby"
    LogicalPath="Libraries.operator"
    Type="Library"
    LastWriteTime="131656464476664868" />
  <Object
    Path="F:\NOBOTcode\BSP\NOBOT_BSP_CAN\Logical\Libraries\operator\operator.fun"
    LogicalPath="Libraries.operator.operator.fun"
    Type="File"
    LastWriteTime="131656464476624866"
    Private="false" />
  <Object
    Path="F:\NOBOTcode\BSP\NOBOT_BSP_CAN\Logical\Libraries\operator\operator.typ"
    LogicalPath="Libraries.operator.operator.typ"
    Type="File"
    LastWriteTime="131656464476654867"
    Private="false" />
  <Object
    Path="F:\NOBOTcode\BSP\NOBOT_BSP_CAN\Logical\Libraries\operator\operator.var"
    LogicalPath="Libraries.operator.operator.var"
    Type="File"
    LastWriteTime="131656464476654867"
    Private="false" />
  <Object
    Path="F:\NOBOTcode\BSP\NOBOT_BSP_CAN\Logical\Libraries\runtime\Binary.lby"
    LogicalPath="Libraries.runtime"
    Type="Library"
    LastWriteTime="131656464481955171" />
  <Object
    Path="F:\NOBOTcode\BSP\NOBOT_BSP_CAN\Logical\Libraries\runtime\runtime.fun"
    LogicalPath="Libraries.runtime.runtime.fun"
    Type="File"
    LastWriteTime="131656464481935169"
    Private="false" />
  <Object
    Path="F:\NOBOTcode\BSP\NOBOT_BSP_CAN\Logical\Libraries\runtime\runtime.typ"
    LogicalPath="Libraries.runtime.runtime.typ"
    Type="File"
    LastWriteTime="131656464481935169"
    Private="false" />
  <Object
    Path="F:\NOBOTcode\BSP\NOBOT_BSP_CAN\Logical\Libraries\runtime\runtime.var"
    LogicalPath="Libraries.runtime.runtime.var"
    Type="File"
    LastWriteTime="131656464481945170"
    Private="false" />
  <Object
    Path="F:\NOBOTcode\BSP\NOBOT_BSP_CAN\Logical\Libraries\astime\Binary.lby"
    LogicalPath="Libraries.astime"
    Type="Library"
    LastWriteTime="131656464487165469" />
  <Object
    Path="F:\NOBOTcode\BSP\NOBOT_BSP_CAN\Logical\Libraries\astime\astime.fun"
    LogicalPath="Libraries.astime.astime.fun"
    Type="File"
    LastWriteTime="131656464487145468"
    Private="false" />
  <Object
    Path="F:\NOBOTcode\BSP\NOBOT_BSP_CAN\Logical\Libraries\astime\astime.typ"
    LogicalPath="Libraries.astime.astime.typ"
    Type="File"
    LastWriteTime="131656464487155468"
    Private="false" />
  <Object
    Path="F:\NOBOTcode\BSP\NOBOT_BSP_CAN\Logical\Libraries\astime\astime.var"
    LogicalPath="Libraries.astime.astime.var"
    Type="File"
    LastWriteTime="131656464487165469"
    Private="false" />
  <Object
    Path="F:\NOBOTcode\BSP\NOBOT_BSP_CAN\Logical\Libraries\AsIecCon\Binary.lby"
    LogicalPath="Libraries.AsIecCon"
    Type="Library"
    LastWriteTime="131656464492355766" />
  <Object
    Path="F:\NOBOTcode\BSP\NOBOT_BSP_CAN\Logical\Libraries\AsIecCon\AsIecCon.fun"
    LogicalPath="Libraries.AsIecCon.AsIecCon.fun"
    Type="File"
    LastWriteTime="131656464492335764"
    Private="false" />
  <Object
    Path="F:\NOBOTcode\BSP\NOBOT_BSP_CAN\Logical\Libraries\AsIecCon\AsIecCon.typ"
    LogicalPath="Libraries.AsIecCon.AsIecCon.typ"
    Type="File"
    LastWriteTime="131656464492345765"
    Private="false" />
  <Object
    Path="F:\NOBOTcode\BSP\NOBOT_BSP_CAN\Logical\Libraries\AsIecCon\AsIecCon.var"
    LogicalPath="Libraries.AsIecCon.AsIecCon.var"
    Type="File"
    LastWriteTime="131656464492355766"
    Private="false" />
  <Object
    Path="F:\NOBOTcode\BSP\NOBOT_BSP_CAN\Logical\Libraries\CAN_Lib\Binary.lby"
    LogicalPath="Libraries.CAN_Lib"
    Type="Library"
    LastWriteTime="131656465134752509" />
  <Object
    Path="F:\NOBOTcode\BSP\NOBOT_BSP_CAN\Logical\Libraries\CAN_Lib\CAN_Lib.fun"
    LogicalPath="Libraries.CAN_Lib.CAN_Lib.fun"
    Type="File"
    LastWriteTime="131656465134742508"
    Private="false" />
  <Object
    Path="F:\NOBOTcode\BSP\NOBOT_BSP_CAN\Logical\Libraries\CAN_Lib\CAN_Lib.typ"
    LogicalPath="Libraries.CAN_Lib.CAN_Lib.typ"
    Type="File"
    LastWriteTime="131656465134742508"
    Private="false" />
  <Object
    Path="F:\NOBOTcode\BSP\NOBOT_BSP_CAN\Logical\Libraries\CAN_Lib\CAN_Lib.var"
    LogicalPath="Libraries.CAN_Lib.CAN_Lib.var"
    Type="File"
    LastWriteTime="131656465134752509"
    Private="false" />
  <Object
    Path="F:\NOBOTcode\BSP\NOBOT_BSP_CAN\Logical\Libraries\Bsp_Can\ANSIC.lby"
    LogicalPath="Libraries.Bsp_Can"
    Type="Library"
    LastWriteTime="131658318157067076" />
  <Object
    Path="F:\NOBOTcode\BSP\NOBOT_BSP_CAN\Logical\Libraries\Bsp_Can\Types.typ"
    LogicalPath="Libraries.Bsp_Can.Types.typ"
    Type="File"
    LastWriteTime="131656465211226883"
    Private="false" />
  <Object
    Path="F:\NOBOTcode\BSP\NOBOT_BSP_CAN\Logical\Libraries\Bsp_Can\Constants.var"
    LogicalPath="Libraries.Bsp_Can.Constants.var"
    Type="File"
    LastWriteTime="131656543594488422"
    Private="false" />
  <Object
    Path="F:\NOBOTcode\BSP\NOBOT_BSP_CAN\Logical\Libraries\Bsp_Can\Bsp_Can.fun"
    LogicalPath="Libraries.Bsp_Can.Bsp_Can.fun"
    Type="File"
    LastWriteTime="131658351939837838"
    Private="false" />
  <Object
    Path="F:\NOBOTcode\BSP\NOBOT_BSP_CAN\Logical\Libraries\Bsp_Can\Can_Init.c"
    LogicalPath="Libraries.Bsp_Can.Can_Init.c"
    Type="File"
    LastWriteTime="131658315911598642"
    Private="false" />
  <Object
    Path="F:\NOBOTcode\BSP\NOBOT_BSP_CAN\Logical\Libraries\Bsp_Can\Can_Write.c"
    LogicalPath="Libraries.Bsp_Can.Can_Write.c"
    Type="File"
    LastWriteTime="131656634667249383"
    Private="false" />
  <Object
    Path="F:\NOBOTcode\BSP\NOBOT_BSP_CAN\Logical\Libraries\Bsp_Can\Set_Motor.c"
    LogicalPath="Libraries.Bsp_Can.Set_Motor.c"
    Type="File"
    LastWriteTime="131658321271645219"
    Private="false" />
  <Object
    Path="F:\NOBOTcode\BSP\NOBOT_BSP_CAN\Logical\Libraries\Bsp_Can\Get_Motor.c"
    LogicalPath="Libraries.Bsp_Can.Get_Motor.c"
    Type="File"
    LastWriteTime="131658564360092196"
    Private="false" />
  <Object
    Path="F:\NOBOTcode\BSP\NOBOT_BSP_CAN\Logical\Libraries\Bsp_Alex\ANSIC.lby"
    LogicalPath="Libraries.Bsp_Alex"
    Type="Library"
    LastWriteTime="131656577046778968" />
  <Object
    Path="F:\NOBOTcode\BSP\NOBOT_BSP_CAN\Logical\Libraries\Bsp_Alex\Types.typ"
    LogicalPath="Libraries.Bsp_Alex.Types.typ"
    Type="File"
    LastWriteTime="131656680440208026"
    Private="false" />
  <Object
    Path="F:\NOBOTcode\BSP\NOBOT_BSP_CAN\Logical\Libraries\Bsp_Alex\Constants.var"
    LogicalPath="Libraries.Bsp_Alex.Constants.var"
    Type="File"
    LastWriteTime="131656565045062509"
    Private="false" />
  <Object
    Path="F:\NOBOTcode\BSP\NOBOT_BSP_CAN\Logical\Libraries\Bsp_Alex\Bsp_Alex.fun"
    LogicalPath="Libraries.Bsp_Alex.Bsp_Alex.fun"
    Type="File"
    LastWriteTime="131658361859705222"
    Private="false" />
  <Object
    Path="F:\NOBOTcode\BSP\NOBOT_BSP_CAN\Logical\Libraries\Bsp_Alex\Update_ElmoMotor.c"
    LogicalPath="Libraries.Bsp_Alex.Update_ElmoMotor.c"
    Type="File"
    LastWriteTime="131658364561259742"
    Private="false" />
  <Object
    Path="F:\NOBOTcode\BSP\NOBOT_BSP_CAN\Logical\Program\ANSIC.prg"
    LogicalPath="Program"
    Type="Program"
    LastWriteTime="131656531681957092" />
  <Object
    Path="F:\NOBOTcode\BSP\NOBOT_BSP_CAN\Logical\Program\Cyclic.c"
    LogicalPath="Program.Cyclic.c"
    Type="File"
    LastWriteTime="131658364560229683"
    Private="false" />
  <Object
    Path="F:\NOBOTcode\BSP\NOBOT_BSP_CAN\Logical\Program\Init.c"
    LogicalPath="Program.Init.c"
    Type="File"
    LastWriteTime="131656605695506069"
    Private="false" />
  <Object
    Path="F:\NOBOTcode\BSP\NOBOT_BSP_CAN\Logical\Program\Exit.c"
    LogicalPath="Program.Exit.c"
    Type="File"
    LastWriteTime="131656531681887088"
    Private="false" />
  <Object
    Path="F:\NOBOTcode\BSP\NOBOT_BSP_CAN\Logical\Program\Types.typ"
    LogicalPath="Program.Types.typ"
    Type="File"
    LastWriteTime="131656531681897088"
    Private="true" />
  <Object
    Path="F:\NOBOTcode\BSP\NOBOT_BSP_CAN\Logical\Program\Variables.var"
    LogicalPath="Program.Variables.var"
    Type="File"
    LastWriteTime="131656683656482716"
    Private="true" />
  <Object
    Path="F:\NOBOTcode\BSP\NOBOT_BSP_CAN\Physical\Config1\Config.pkg"
    LogicalPath="Config1"
    Type="Configuration"
    LastWriteTime="131656464527437772" />
  <Object
    Path="F:\NOBOTcode\AGV\AGV_V001\Physical\NOBOT_3s\Hardware.hw"
    LogicalPath="Config1.Hardware.hw"
    Type="File"
    LastWriteTime="131656596993299526"
    Private="false" />
  <Object
    Path="F:\NOBOTcode\AGV\AGV_V001\Physical\NOBOT_3s\Hardware.hwl"
    LogicalPath="Config1.Hardware.hwl"
    Type="File"
    LastWriteTime="131341234740000000"
    Private="false" />
  <Object
    Path="F:\NOBOTcode\BSP\NOBOT_BSP_CAN\Physical\Config1\X20CP0482\Cpu.pkg"
    LogicalPath="Config1.X20CP0482"
    Type="Cpu"
    LastWriteTime="131656464494285876" />
  <Object
    Path="F:\NOBOTcode\BSP\NOBOT_BSP_CAN\Physical\Config1\X20CP0482\Cpu.sw"
    LogicalPath="Config1.X20CP0482.Cpu.sw"
    Type="File"
    LastWriteTime="131656565129207322"
    Private="false" />
  <Object
    Path="F:\NOBOTcode\BSP\NOBOT_BSP_CAN\Physical\Config1\X20CP0482\Cpu.per"
    LogicalPath="Config1.X20CP0482.Cpu.per"
    Type="File"
    LastWriteTime="131656464493835850"
    Private="false" />
  <Object
    Path="F:\NOBOTcode\BSP\NOBOT_BSP_CAN\Physical\Config1\X20CP0482\IoMap.iom"
    LogicalPath="Config1.X20CP0482.IoMap.iom"
    Type="File"
    LastWriteTime="131656464493845851"
    Private="false" />
  <Object
    Path="F:\NOBOTcode\BSP\NOBOT_BSP_CAN\Physical\Config1\X20CP0482\PvMap.vvm"
    LogicalPath="Config1.X20CP0482.PvMap.vvm"
    Type="File"
    LastWriteTime="131656464493855851"
    Private="false" />
  <Object
    Path="F:\NOBOTcode\BSP\NOBOT_BSP_CAN\Physical\Config1\X20CP0482\Connectivity\Package.pkg"
    LogicalPath="Config1.X20CP0482.Connectivity"
    Type="Package"
    LastWriteTime="131656464494005860" />
  <Object
    Path="F:\NOBOTcode\BSP\NOBOT_BSP_CAN\Physical\Config1\X20CP0482\Connectivity\OpcUA\Package.pkg"
    LogicalPath="Config1.X20CP0482.Connectivity.OpcUA"
    Type="Package"
    LastWriteTime="131656464494005860" />
  <Object
    Path="F:\NOBOTcode\BSP\NOBOT_BSP_CAN\Physical\Config1\X20CP0482\TextSystem\Package.pkg"
    LogicalPath="Config1.X20CP0482.TextSystem"
    Type="Package"
    LastWriteTime="131656464494025861" />
  <Object
    Path="F:\NOBOTcode\BSP\NOBOT_BSP_CAN\Physical\Config1\X20CP0482\UnitSystem\Package.pkg"
    LogicalPath="Config1.X20CP0482.UnitSystem"
    Type="Package"
    LastWriteTime="131656464494045862" />
  <Object
    Path="F:\NOBOTcode\BSP\NOBOT_BSP_CAN\Physical\Config1\X20CP0482\AccessAndSecurity\Package.pkg"
    LogicalPath="Config1.X20CP0482.AccessAndSecurity"
    Type="Package"
    LastWriteTime="131656464494255874" />
  <Object
    Path="F:\NOBOTcode\BSP\NOBOT_BSP_CAN\Physical\Config1\X20CP0482\AccessAndSecurity\UserRoleSystem\Package.pkg"
    LogicalPath="Config1.X20CP0482.AccessAndSecurity.UserRoleSystem"
    Type="Package"
    LastWriteTime="131656464494095865" />
  <Object
    Path="F:\NOBOTcode\BSP\NOBOT_BSP_CAN\Physical\Config1\X20CP0482\AccessAndSecurity\UserRoleSystem\Role.role"
    LogicalPath="Config1.X20CP0482.AccessAndSecurity.UserRoleSystem.Role.role"
    Type="File"
    LastWriteTime="131656464494085864"
    Private="false" />
  <Object
    Path="F:\NOBOTcode\BSP\NOBOT_BSP_CAN\Physical\Config1\X20CP0482\AccessAndSecurity\UserRoleSystem\User.user"
    LogicalPath="Config1.X20CP0482.AccessAndSecurity.UserRoleSystem.User.user"
    Type="File"
    LastWriteTime="131656464494095865"
    Private="false" />
  <Object
    Path="F:\NOBOTcode\BSP\NOBOT_BSP_CAN\Physical\Config1\X20CP0482\AccessAndSecurity\CertificateStore\Package.pkg"
    LogicalPath="Config1.X20CP0482.AccessAndSecurity.CertificateStore"
    Type="Package"
    LastWriteTime="131656464494235873" />
  <Object
    Path="F:\NOBOTcode\BSP\NOBOT_BSP_CAN\Physical\Config1\X20CP0482\AccessAndSecurity\CertificateStore\OwnCertificates\Package.pkg"
    LogicalPath="Config1.X20CP0482.AccessAndSecurity.CertificateStore.OwnCertificates"
    Type="Package"
    LastWriteTime="131656464494165869" />
  <Object
    Path="F:\NOBOTcode\BSP\NOBOT_BSP_CAN\Physical\Config1\X20CP0482\AccessAndSecurity\CertificateStore\OwnCertificates\Certificates\Package.pkg"
    LogicalPath="Config1.X20CP0482.AccessAndSecurity.CertificateStore.OwnCertificates.Certificates"
    Type="Package"
    LastWriteTime="131656464494145868" />
  <Object
    Path="F:\NOBOTcode\BSP\NOBOT_BSP_CAN\Physical\Config1\X20CP0482\AccessAndSecurity\CertificateStore\OwnCertificates\PrivateKeys\Package.pkg"
    LogicalPath="Config1.X20CP0482.AccessAndSecurity.CertificateStore.OwnCertificates.PrivateKeys"
    Type="Package"
    LastWriteTime="131656464494155868" />
  <Object
    Path="F:\NOBOTcode\BSP\NOBOT_BSP_CAN\Physical\Config1\X20CP0482\AccessAndSecurity\CertificateStore\ThirdPartyCertificates\Package.pkg"
    LogicalPath="Config1.X20CP0482.AccessAndSecurity.CertificateStore.ThirdPartyCertificates"
    Type="Package"
    LastWriteTime="131656464494195871" />
  <Object
    Path="F:\NOBOTcode\BSP\NOBOT_BSP_CAN\Physical\Config1\X20CP0482\AccessAndSecurity\CertificateStore\ThirdPartyCertificates\SoftwareCertificates\Package.pkg"
    LogicalPath="Config1.X20CP0482.AccessAndSecurity.CertificateStore.ThirdPartyCertificates.SoftwareCertificates"
    Type="Package"
    LastWriteTime="131656464494195871" />
  <Object
    Path="F:\NOBOTcode\BSP\NOBOT_BSP_CAN\Physical\Config1\X20CP0482\AccessAndSecurity\CertificateStore\CertificateRevocationLists\Package.pkg"
    LogicalPath="Config1.X20CP0482.AccessAndSecurity.CertificateStore.CertificateRevocationLists"
    Type="Package"
    LastWriteTime="131656464494215872" />
  <Object
    Path="F:\NOBOTcode\BSP\NOBOT_BSP_CAN\Physical\Config1\X20CP0482\AccessAndSecurity\CertificateStore\CertificateSigningRequests\Package.pkg"
    LogicalPath="Config1.X20CP0482.AccessAndSecurity.CertificateStore.CertificateSigningRequests"
    Type="Package"
    LastWriteTime="131656464494225872" />
  <Object
    Path="F:\NOBOTcode\BSP\NOBOT_BSP_CAN\Physical\Config1\X20CP0482\AccessAndSecurity\TransportLayerSecurity\Package.pkg"
    LogicalPath="Config1.X20CP0482.AccessAndSecurity.TransportLayerSecurity"
    Type="Package"
    LastWriteTime="131656464494245874" />
  <Object
    Path="F:\NOBOTcode\BSP\NOBOT_BSP_CAN\Physical\Config1\X20CP0482\mapp\Package.pkg"
    LogicalPath="Config1.X20CP0482.mapp"
    Type="Package"
    LastWriteTime="131656464494275875" />
  <Object
    Path="F:\NOBOTcode\BSP\NOBOT_BSP_CAN\Physical\Config1\Hardware.jpg"
    LogicalPath="Config1.Hardware.jpg"
    Type="File"
    LastWriteTime="131658308142884297"
    Private="false" />
  <Object
    Path="F:\NOBOTcode\BSP\NOBOT_BSP_CAN\Temp\Objects\Config1\X20CP0482\Program\ProgramGlobal.typ"
    LogicalPath="ProgramGlobal.typ"
    Type="File"
    LastWriteTime="131658564384623599"
    Private="true" />
  <Object
    Path="F:\NOBOTcode\BSP\NOBOT_BSP_CAN\Temp\Objects\Config1\X20CP0482\Program\ProgramGlobal.var"
    LogicalPath="ProgramGlobal.var"
    Type="File"
    LastWriteTime="131658564384613598"
    Private="true" />
  <Object
    Path="F:\NOBOTcode\BSP\NOBOT_BSP_CAN\Temp\Objects\Config1\X20CP0482\Program\ProgramLocal.var"
    LogicalPath="ProgramLocal.var"
    Type="File"
    LastWriteTime="131658564384623599"
    Private="true" />
  <Object
    Path="F:\NOBOTcode\BSP\NOBOT_BSP_CAN\Logical\Libraries\AsIecCon\SG4\AsIecCon.h"
    LogicalPath="AsIecCon.h"
    Type="File"
    LastWriteTime="131563453060000000"
    Private="false" />
  <Object
    Path="F:\NOBOTcode\BSP\NOBOT_BSP_CAN\Logical\Libraries\astime\SG4\astime.h"
    LogicalPath="astime.h"
    Type="File"
    LastWriteTime="131563453120000000"
    Private="false" />
  <Object
    Path="F:\NOBOTcode\BSP\NOBOT_BSP_CAN\Logical\Libraries\Bsp_Alex\SG4\Bsp_Alex.h"
    LogicalPath="Bsp_Alex.h"
    Type="File"
    LastWriteTime="0"
    Private="false" />
  <Object
    Path="F:\NOBOTcode\BSP\NOBOT_BSP_CAN\Logical\Libraries\Bsp_Can\SG4\Bsp_Can.h"
    LogicalPath="Bsp_Can.h"
    Type="File"
    LastWriteTime="0"
    Private="false" />
  <Object
    Path="F:\NOBOTcode\BSP\NOBOT_BSP_CAN\Logical\Libraries\CAN_Lib\SG4\CAN_Lib.h"
    LogicalPath="CAN_Lib.h"
    Type="File"
    LastWriteTime="131563453140000000"
    Private="false" />
  <Object
    Path="F:\NOBOTcode\BSP\NOBOT_BSP_CAN\Logical\Libraries\operator\SG4\operator.h"
    LogicalPath="operator.h"
    Type="File"
    LastWriteTime="131563453160000000"
    Private="false" />
  <Object
    Path="F:\NOBOTcode\BSP\NOBOT_BSP_CAN\Logical\Libraries\runtime\SG4\runtime.h"
    LogicalPath="runtime.h"
    Type="File"
    LastWriteTime="131563453160000000"
    Private="false" />
</Objects>