F:\NOBOTcode\Bsp_Can\Bsp_Can_V001\Logical\Global.typ
F:\NOBOTcode\Bsp_Can\Bsp_Can_V001\Logical\Global.var
F:\NOBOTcode\Bsp_Can\Bsp_Can_V001\Logical\Libraries\operator\operator.fun
F:\NOBOTcode\Bsp_Can\Bsp_Can_V001\Logical\Libraries\operator\operator.typ
F:\NOBOTcode\Bsp_Can\Bsp_Can_V001\Logical\Libraries\operator\operator.var
F:\NOBOTcode\Bsp_Can\Bsp_Can_V001\Logical\Libraries\runtime\runtime.fun
F:\NOBOTcode\Bsp_Can\Bsp_Can_V001\Logical\Libraries\runtime\runtime.typ
F:\NOBOTcode\Bsp_Can\Bsp_Can_V001\Logical\Libraries\runtime\runtime.var
F:\NOBOTcode\Bsp_Can\Bsp_Can_V001\Logical\Libraries\astime\astime.fun
F:\NOBOTcode\Bsp_Can\Bsp_Can_V001\Logical\Libraries\astime\astime.typ
F:\NOBOTcode\Bsp_Can\Bsp_Can_V001\Logical\Libraries\astime\astime.var
F:\NOBOTcode\Bsp_Can\Bsp_Can_V001\Logical\Libraries\AsIecCon\AsIecCon.fun
F:\NOBOTcode\Bsp_Can\Bsp_Can_V001\Logical\Libraries\AsIecCon\AsIecCon.typ
F:\NOBOTcode\Bsp_Can\Bsp_Can_V001\Logical\Libraries\AsIecCon\AsIecCon.var
F:\NOBOTcode\Bsp_Can\Bsp_Can_V001\Logical\Libraries\CAN_Lib\CAN_Lib.fun
F:\NOBOTcode\Bsp_Can\Bsp_Can_V001\Logical\Libraries\CAN_Lib\CAN_Lib.typ
F:\NOBOTcode\Bsp_Can\Bsp_Can_V001\Logical\Libraries\CAN_Lib\CAN_Lib.var
F:\NOBOTcode\Bsp_Can\Bsp_Can_V001\Logical\Libraries\Bsp_Can\Types.typ
F:\NOBOTcode\Bsp_Can\Bsp_Can_V001\Logical\Libraries\Bsp_Can\Constants.var
F:\NOBOTcode\Bsp_Can\Bsp_Can_V001\Logical\Libraries\Bsp_Can\Bsp_Can.fun
F:\NOBOTcode\Bsp_Can\Bsp_Can_V001\Logical\Libraries\Bsp_Alex\Types.typ
F:\NOBOTcode\Bsp_Can\Bsp_Can_V001\Logical\Libraries\Bsp_Alex\Constants.var
F:\NOBOTcode\Bsp_Can\Bsp_Can_V001\Logical\Libraries\Bsp_Alex\Bsp_Alex.fun
F:\NOBOTcode\Bsp_Can\Bsp_Can_V001\Temp\Objects\Config1\X20CP0482\Program\ProgramGlobal.typ
F:\NOBOTcode\Bsp_Can\Bsp_Can_V001\Temp\Objects\Config1\X20CP0482\Program\ProgramGlobal.var
